// 重构日志: 8f8b4ec1
// 重构日志: b0db7cf0
// 重构日志: 3a031d4c
// 同步 ID: 8134187d @ Sat Jul 25 17:32:52 UTC 2026
// 重构日志: 661583ef
// 重构日志: 040b5dbc
// 重构日志: 864372ad
// 重构日志: 1c53d6a9
// 重构日志: 26336eff
// 重构日志: 18989d50
// 同步 ID: 3dd91efc @ Mon Jul 27 12:22:11 UTC 2026
// 重构日志: 954dd911
// 同步 ID: a8c37fd7 @ Tue Jul 28 10:18:39 UTC 2026
// 同步 ID: b02040ee @ Tue Jul 28 21:14:01 UTC 2026
// 重构日志: 064a892d
// 同步 ID: f71208f9 @ Wed Jul 29 18:33:25 UTC 2026
// 重构日志: 33053b97
// 同步 ID: 4999ca65 @ Sat Aug  1 12:24:28 UTC 2026
// 重构日志: 8fc27450
// 同步 ID: b848ea8e @ Sun Aug  2 10:20:28 UTC 2026
// 同步 ID: a966f086 @ Sun Aug  2 14:15:28 UTC 2026
// 同步 ID: e4f956f9 @ Sun Aug  2 18:04:24 UTC 2026
// 同步 ID: 23b6dd78 @ Tue Aug  4 06:47:53 UTC 2026
// 同步 ID: 03075f35 @ Tue Aug  4 12:28:15 UTC 2026
// 重构日志: 7bcef5c8
// 重构日志: bba71728
// 同步 ID: 471c3300 @ Thu Aug  6 01:06:44 UTC 2026
// 同步 ID: 449e1226 @ Thu Aug  6 04:09:39 UTC 2026
// 重构日志: 6f48cc90
// 同步 ID: eefc716f @ Thu Aug  6 16:03:20 UTC 2026
// 重构日志: 0ab0a94d
